
> alwaah@0.0.0 build
> tsc -b && vite build

src/components/features/quest/multiplayer/LobbyRoom.tsx(218,19): error TS2322: Type 'boolean | null' is not assignable to type 'boolean | undefined'.
  Type 'null' is not assignable to type 'boolean | undefined'.
src/services/supabase/multiplayerService.ts(525,5): error TS2322: Type 'QuestSessionState' is not assignable to type '{ players: Player[]; answer_logs: { [x: string]: AnswerLogEntry[]; }; room_code: string; status: "WAITING" | "PLAYING" | "FINISHED"; topic_config: { topic: Partial<Topic> | null; subtopic: Partial<Subtopic> | null; totalQuestions: number; }; current_question_idx: number; game_mode?: "SOLO" | "TEAM"; teams?: TeamInfo...'.
  Types of property 'answer_logs' are incompatible.
    Type 'Record<string, AnswerLogEntry[]> | undefined' is not assignable to type '{ [x: string]: AnswerLogEntry[]; }'.
      Type 'undefined' is not assignable to type '{ [x: string]: AnswerLogEntry[]; }'.
